// Jest Snapshot v1, https://goo.gl/fbAQLP

exports[`<Stateview /> component Truthy cases Stateview GIVEN <Stateview /> render default Layer 1`] = `
<Stateview
  default="unlogin"
>
  <Layer
    state="logined"
  >
    <h1>
      Logined, 
      <button
        id="go_to_unlogin_button"
        onClick={[Function]}
      >
        go to UnLogin
      </button>
    </h1>
  </Layer>
  <Layer
    state="unlogin"
  >
    <h1>
      UnLogin, 
      <button
        id="go_to_logined_button"
        onClick={[Function]}
      >
        go to Logined
      </button>
    </h1>
    ;
  </Layer>
</Stateview>
`;
